Import `say_my_name`

>>> say_my_name = __import__("3-say_my_name").say_my_name

>>> say_my_name("ssamuel", "Olubode")
My name is ssamuel Olubode

>>> say_my_name(2)
Traceback (most recent call last):
TypeError: first_name must be a string

>>> say_my_name("olu", 1)
Traceback (most recent call last):
TypeError: last_name must be a string

>>> say_my_name()
Traceback (most recent call last):
TypeError: say_my_name() missing 1 required positional argument: "first_name"
3-say_my_name.txt

>>> print_square = __import__("4-print_square").print_square

>>> print_square(4)
####
####
####
####

>>> print_square(-4)
Traceback (most recent call last):
ValueError: size must be >= 0

>>> print_square("4")
Traceback (most recent call last):
TypeError: size must be an integer

>>> print_square()
Traceback (most recent call last):
TypeError: print_square() missing 1 required positional argument: "size"
